// Jest Snapshot v1, https://goo.gl/fbAQLP

exports[`<Dashboard /> Renders correctly 1`] = `
<div
  className="dashboard-container"
>
  <h1>
    Dashboard
  </h1>
  <div
    className="profile-container"
  >
    <h2>
      Profile
    </h2>
    <table>
      <tr
        align="left"
      >
        <td>
          Email:
        </td>
        <td />
      </tr>
      <tr
        align="left"
      >
        <td>
          Name:
        </td>
        <td />
      </tr>
      <tr
        align="left"
      >
        <td>
          Codeforces Handle:
        </td>
        <td />
      </tr>
      <tr
        align="left"
      >
        <td>
          Rating:
        </td>
        <td />
      </tr>
    </table>
    <br />
    <a
      href="/update-profile"
      onClick={[Function]}
    >
      Update Profile
    </a>
  </div>
  <button
    className="button"
    onClick={[Function]}
  >
    Logout
  </button>
</div>
`;
