// Jest Snapshot v1, https://goo.gl/fbAQLP

exports[`<Matchmaking /> Renders correctly 1`] = `
<div>
  <div
    className="duel-container"
  >
    <h3>
      Ranked Duel
    </h3>
    <p />
    <p>
       rating (
      ?
       rank)
    </p>
    <br />
    <button
      className="goButton"
      disable={false}
      onClick={[Function]}
    >
      Enter Matchmaking
    </button>
    <div
      className="link-button"
    >
      <a
        href="/"
        onClick={[Function]}
      >
        Cancel
      </a>
    </div>
  </div>
</div>
`;
