// Jest Snapshot v1, https://goo.gl/fbAQLP

exports[`<ProblemRecommendation /> Renders correctly 1`] = `
<div>
  <div
    className="auth-form-container"
  >
    <h3>
      Enter room code to host/join
    </h3>
    <p />
    <input
      maxLength={10}
      name="code"
      onChange={[Function]}
      required={true}
      type="text"
      value=""
    />
    <br />
    <button
      className="goButton"
      onClick={[Function]}
    >
      Join Room
    </button>
    <br />
    <button
      className="goButton"
      onClick={[Function]}
    >
      Create New Room
    </button>
    <div
      className="link-button"
    >
      <a
        href="/"
        onClick={[Function]}
      >
        Cancel
      </a>
    </div>
  </div>
</div>
`;
